{"timestamp": "2026-09-07T12:48:56.387051-03:00", "level": "info", "event": "request_received", "message": "request_received", "correlation_id": "demo-42", "method": "PUT", "path": "/api/v2/me/enrollments/6ccaf64f-d37e-4e6c-ae03-f3d6547bb297", "result": "received"}
{"timestamp": "2026-09-07T12:48:56.400040-03:00", "level": "info", "event": "enrollment_created", "message": "enrollment_created", "correlation_id": "demo-42", "method": "PUT", "path": "/api/v2/me/enrollments/6ccaf64f-d37e-4e6c-ae03-f3d6547bb297", "result": "created", "activity_id": "6ccaf64f-d37e-4e6c-ae03-f3d6547bb297", "participant_id": "a3d8c92e-4f1a-4e5b-8c7d-9e0f1a2b3c4d"}
{"timestamp": "2026-09-07T12:48:56.404265-03:00", "level": "info", "event": "request_completed", "message": "request_completed", "correlation_id": "demo-42", "method": "PUT", "path": "/api/v2/me/enrollments/6ccaf64f-d37e-4e6c-ae03-f3d6547bb297", "result": 201}
{"timestamp": "2026-09-07T12:52:24.491697-03:00", "level": "info", "event": "request_received", "message": "request_received", "correlation_id": "demo-42", "method": "PUT", "path": "/api/v2/me/enrollments/6ccaf64f-d37e-4e6c-ae03-f3d6547bb297", "result": "received"}
{"timestamp": "2026-09-07T12:52:24.498111-03:00", "level": "info", "event": "enrollment_reused", "message": "enrollment_reused", "correlation_id": "demo-42", "method": "PUT", "path": "/api/v2/me/enrollments/6ccaf64f-d37e-4e6c-ae03-f3d6547bb297", "result": "reused", "activity_id": "6ccaf64f-d37e-4e6c-ae03-f3d6547bb297", "participant_id": "a3d8c92e-4f1a-4e5b-8c7d-9e0f1a2b3c4d"}
{"timestamp": "2026-09-07T12:52:24.499056-03:00", "level": "info", "event": "request_completed", "message": "request_completed", "correlation_id": "demo-42", "method": "PUT", "path": "/api/v2/me/enrollments/6ccaf64f-d37e-4e6c-ae03-f3d6547bb297", "result": 200}
{"timestamp": "2026-09-07T12:53:59.523291-03:00", "level": "info", "event": "request_received", "message": "request_received", "correlation_id": "a6c1e1b0-6533-422d-b233-befde59716cf", "method": "PUT", "path": "/api/v2/me/enrollments/1ed0cc35-f854-463b-b6fe-bc57fdd4844d", "result": "received"}
{"timestamp": "2026-09-07T12:53:59.525151-03:00", "level": "info", "event": "request_completed", "message": "request_completed", "correlation_id": "a6c1e1b0-6533-422d-b233-befde59716cf", "method": "PUT", "path": "/api/v2/me/enrollments/1ed0cc35-f854-463b-b6fe-bc57fdd4844d", "result": 401}
{"timestamp": "2026-09-07T12:53:59.525616-03:00", "level": "warning", "event": "Unauthorized: /api/v2/me/enrollments/1ed0cc35-f854-463b-b6fe-bc57fdd4844d", "message": "Unauthorized: /api/v2/me/enrollments/1ed0cc35-f854-463b-b6fe-bc57fdd4844d"}
{"timestamp": "2026-09-07T12:54:09.605748-03:00", "level": "info", "event": "request_received", "message": "request_received", "correlation_id": "demo-42", "method": "PUT", "path": "/api/v2/me/enrollments/1ed0cc35-f854-463b-b6fe-bc57fdd4844d", "result": "received"}
{"timestamp": "2026-09-07T12:54:09.606886-03:00", "level": "info", "event": "request_completed", "message": "request_completed", "correlation_id": "demo-42", "method": "PUT", "path": "/api/v2/me/enrollments/1ed0cc35-f854-463b-b6fe-bc57fdd4844d", "result": 401}
{"timestamp": "2026-09-07T12:54:09.607282-03:00", "level": "warning", "event": "Unauthorized: /api/v2/me/enrollments/1ed0cc35-f854-463b-b6fe-bc57fdd4844d", "message": "Unauthorized: /api/v2/me/enrollments/1ed0cc35-f854-463b-b6fe-bc57fdd4844d"}
{"timestamp": "2026-09-07T12:54:24.621002-03:00", "level": "info", "event": "request_received", "message": "request_received", "correlation_id": "demo-42", "method": "PUT", "path": "/api/v2/me/enrollments/1ed0cc35-f854-463b-b6fe-bc57fdd4844d", "result": "received"}
{"timestamp": "2026-09-07T12:54:24.625584-03:00", "level": "info", "event": "enrollment_reused", "message": "enrollment_reused", "correlation_id": "demo-42", "method": "PUT", "path": "/api/v2/me/enrollments/1ed0cc35-f854-463b-b6fe-bc57fdd4844d", "result": "reused", "activity_id": "1ed0cc35-f854-463b-b6fe-bc57fdd4844d", "participant_id": "a3d8c92e-4f1a-4e5b-8c7d-9e0f1a2b3c4d"}
{"timestamp": "2026-09-07T12:54:24.626384-03:00", "level": "info", "event": "request_completed", "message": "request_completed", "correlation_id": "demo-42", "method": "PUT", "path": "/api/v2/me/enrollments/1ed0cc35-f854-463b-b6fe-bc57fdd4844d", "result": 200}
{"timestamp": "2026-09-21T11:18:20.410943-03:00", "level": "info", "event": "Watching for file changes with StatReloader", "message": "Watching for file changes with StatReloader"}
{"timestamp": "2026-09-21T11:18:34.803719-03:00", "level": "info", "event": "request_received", "message": "request_received", "correlation_id": "a9695020-dea3-46f7-8275-e453f23b84c5", "method": "GET", "path": "/", "result": "received"}
{"timestamp": "2026-09-21T11:18:34.828682-03:00", "level": "info", "event": "request_completed", "message": "request_completed", "correlation_id": "a9695020-dea3-46f7-8275-e453f23b84c5", "method": "GET", "path": "/", "result": 404}
{"timestamp": "2026-09-21T11:18:34.832501-03:00", "level": "warning", "event": "Not Found: /", "message": "Not Found: /"}
{"timestamp": "2026-09-21T11:18:40.486337-03:00", "level": "info", "event": "request_received", "message": "request_received", "correlation_id": "fe78a583-1efa-4edd-ac6a-73fbbd6323c6", "method": "GET", "path": "/api/v1/docs", "result": "received"}
{"timestamp": "2026-09-21T11:18:40.521599-03:00", "level": "info", "event": "request_completed", "message": "request_completed", "correlation_id": "fe78a583-1efa-4edd-ac6a-73fbbd6323c6", "method": "GET", "path": "/api/v1/docs", "result": 200}
{"timestamp": "2026-09-21T11:18:41.226036-03:00", "level": "info", "event": "request_received", "message": "request_received", "correlation_id": "395fb67d-5adc-4a92-abc8-ab8ff811a0e9", "method": "GET", "path": "/api/v1/openapi.json", "result": "received"}
{"timestamp": "2026-09-21T11:18:41.261880-03:00", "level": "info", "event": "request_completed", "message": "request_completed", "correlation_id": "395fb67d-5adc-4a92-abc8-ab8ff811a0e9", "method": "GET", "path": "/api/v1/openapi.json", "result": 200}
{"timestamp": "2026-09-21T11:19:15.454787-03:00", "level": "info", "event": "request_received", "message": "request_received", "correlation_id": "81c27b9f-3054-4f9b-979d-7c2470040438", "method": "PUT", "path": "/api/v1/me/enrollments/1b470ddf-3e84-4b77-9aae-091d21e52bd6", "result": "received"}
{"timestamp": "2026-09-21T11:19:15.500786-03:00", "level": "info", "event": "enrollment_created", "message": "enrollment_created", "correlation_id": "81c27b9f-3054-4f9b-979d-7c2470040438", "method": "PUT", "path": "/api/v1/me/enrollments/1b470ddf-3e84-4b77-9aae-091d21e52bd6", "result": "created", "activity_id": "1b470ddf-3e84-4b77-9aae-091d21e52bd6", "participant_id": "a3d8c92e-4f1a-4e5b-8c7d-9e0f1a2b3c4d"}
{"timestamp": "2026-09-21T11:19:15.509724-03:00", "level": "info", "event": "request_completed", "message": "request_completed", "correlation_id": "81c27b9f-3054-4f9b-979d-7c2470040438", "method": "PUT", "path": "/api/v1/me/enrollments/1b470ddf-3e84-4b77-9aae-091d21e52bd6", "result": 201}
{"timestamp": "2026-09-21T23:03:01.052088-03:00", "level": "info", "event": "Watching for file changes with StatReloader", "message": "Watching for file changes with StatReloader"}
{"timestamp": "2026-09-21T23:06:55.510360-03:00", "level": "info", "event": "request_received", "message": "request_received", "correlation_id": "2b500be7-5713-4f90-a2b8-ffeddead3dbf", "method": "PUT", "path": "/api/v1/me/enrollments/1b470ddf-3e84-4b77-9aae-091d21e52bd6", "result": "received"}
{"timestamp": "2026-09-21T23:06:55.542984-03:00", "level": "info", "event": "enrollment_created", "message": "enrollment_created", "correlation_id": "2b500be7-5713-4f90-a2b8-ffeddead3dbf", "method": "PUT", "path": "/api/v1/me/enrollments/1b470ddf-3e84-4b77-9aae-091d21e52bd6", "result": "created", "activity_id": "1b470ddf-3e84-4b77-9aae-091d21e52bd6", "participant_id": "a3d8c92e-4f1a-4e5b-8c7d-9e0f1a2b3c4d"}
{"timestamp": "2026-09-21T23:06:55.545192-03:00", "level": "info", "event": "request_completed", "message": "request_completed", "correlation_id": "2b500be7-5713-4f90-a2b8-ffeddead3dbf", "method": "PUT", "path": "/api/v1/me/enrollments/1b470ddf-3e84-4b77-9aae-091d21e52bd6", "result": 201}
{"timestamp": "2026-09-21T23:08:38.580890-03:00", "level": "info", "event": "Watching for file changes with StatReloader", "message": "Watching for file changes with StatReloader"}
{"timestamp": "2026-09-21T23:08:48.230567-03:00", "level": "info", "event": "request_received", "message": "request_received", "correlation_id": "f4344cab-32e9-4735-a3c5-6099a10db4d9", "method": "PUT", "path": "/api/v1/me/enrollments/1b470ddf-3e84-4b77-9aae-091d21e52bd6", "result": "received"}
{"timestamp": "2026-09-21T23:08:48.244149-03:00", "level": "info", "event": "enrollment_reused", "message": "enrollment_reused", "correlation_id": "f4344cab-32e9-4735-a3c5-6099a10db4d9", "method": "PUT", "path": "/api/v1/me/enrollments/1b470ddf-3e84-4b77-9aae-091d21e52bd6", "result": "reused", "activity_id": "1b470ddf-3e84-4b77-9aae-091d21e52bd6", "participant_id": "a3d8c92e-4f1a-4e5b-8c7d-9e0f1a2b3c4d"}
{"timestamp": "2026-09-21T23:08:48.248270-03:00", "level": "info", "event": "request_completed", "message": "request_completed", "correlation_id": "f4344cab-32e9-4735-a3c5-6099a10db4d9", "method": "PUT", "path": "/api/v1/me/enrollments/1b470ddf-3e84-4b77-9aae-091d21e52bd6", "result": 200}
{"timestamp": "2026-09-21T23:09:31.623593-03:00", "level": "info", "event": "request_received", "message": "request_received", "correlation_id": "938b3ee0-9d99-4648-a1c8-b59ef3ad41da", "method": "GET", "path": "/api/v1/me/enrollments", "result": "received"}
{"timestamp": "2026-09-21T23:09:31.631883-03:00", "level": "info", "event": "request_completed", "message": "request_completed", "correlation_id": "938b3ee0-9d99-4648-a1c8-b59ef3ad41da", "method": "GET", "path": "/api/v1/me/enrollments", "result": 200}
